---
source: oriterm_core/tests/vttest/menu2.rs
expression: text
---
12345678901234567890123456789012345678901234567890123456789012345678901234567890123456789012345678901234567890123456789 
                                                                                                                        
  This is 120 column mode, dark background.                                                                             
   This is 120 column mode, dark background.                                                                            
    This is 120 column mode, dark background.                                                                           
     This is 120 column mode, dark background.                                                                          
      This is 120 column mode, dark background.                                                                         
       This is 120 column mode, dark background.                                                                        
        This is 120 column mode, dark background.                                                                       
         This is 120 column mode, dark background.                                                                      
          This is 120 column mode, dark background.                                                                     
           This is 120 column mode, dark background.                                                                    
            This is 120 column mode, dark background.                                                                   
             This is 120 column mode, dark background.                                                                  
              This is 120 column mode, dark background.                                                                 
               This is 120 column mode, dark background.                                                                
                This is 120 column mode, dark background.                                                               
                 This is 120 column mode, dark background.                                                              
                  This is 120 column mode, dark background.                                                             
                   This is 120 column mode, dark background.Push <RETURN>
