---
source: oriterm_core/tests/vttest/menu8.rs
expression: text
---
A******************************************************************************B
                                                                                
                                                                                
Test of 'Insert Mode'. The top line should be 'A*** ... ***B'. Push <RETURN>
