---
source: oriterm_core/tests/vttest/menu5.rs
expression: text
---
                                                                                
                                                                                
                                                                                
                                                                                
                                                                                
                                                                                
                                                                                
                                                                                
                                                                                
These LEDs ("lamps") on the keyboard should be on: L1 L2 L3 L4                  
                                                                                
Push <RETURN>
