---
source: oriterm_core/tests/vttest/menu5.rs
expression: text
---
                                                                                                 
                                                                                                 
                                                                                                 
                                                                                                 
                                                                                                 
                                                                                                 
                                                                                                 
                                                                                                 
                                                                                                 
These LEDs ("lamps") on the keyboard should be on:                                               
                                                                                                 
Push <RETURN>
