---
source: oriterm_core/tests/vttest/menu8.rs
expression: text
---
AAAAAAAAAAAAAAAAAAAAAAAAAAAAAAAAAAAAAAAAAAAAAAAAAAAAAAAAAAAAAAAAAAAAAAAAAAAAAAAAAAAAAAAAAAAAAAAAA
Top line: A's, bottom line: a's, this line, nothing more. Push <RETURN>                          
                                                                                                 
                                                                                                 
                                                                                                 
                                                                                                 
                                                                                                 
                                                                                                 
                                                                                                 
                                                                                                 
                                                                                                 
                                                                                                 
                                                                                                 
                                                                                                 
                                                                                                 
                                                                                                 
                                                                                                 
                                                                                                 
                                                                                                 
                                                                                                 
                                                                                                 
                                                                                                 
                                                                                                 
                                                                                                 
                                                                                                 
                                                                                                 
                                                                                                 
                                                                                                 
                                                                                                 
                                                                                                 
                                                                                                 
                                                                                                 
aaaaaaaaaaaaaaaaaaaaaaaaaaaaaaaaaaaaaaaaaaaaaaaaaaaaaaaaaaaaaaaaaaaaaaaaaaaaaaaaaaaaaaaaaaaaaaaaa
