---
source: oriterm_core/tests/vttest.rs
expression: text
---
*************************************************************************************************
*+++++++++++++++++++++++++++++++++++++++++++++++++++++++++++++++++++++++++++++++++++++++++++++++*
I                                                                              iJ                
                                                                                j                
K                                                                              K        k        
L                                                                              l                 
M                                                                              mN                
                                                                                n                
O                                                                              O        o        
P                                                                              p                 
Q                                                                              qR                
                                                                                r                
S                                                                              S        s        
T                                                                              t                 
U                                                                              uV                
                                                                                v                
W                                                                              W        w        
X                                                                              x                 
Y                                                                              yZ                
                                                                                z                
                                                                                                 
Push <RETURN>                                                                                   *
+++++++++++++++++++++++++++++++++++++++++++++++++++++++++++++++++++++++++++++++++++++++++++++++ *
*************************************************************************************************
