---
source: oriterm_core/tests/vttest.rs
expression: text
---
********************************************************************************
*++++++++++++++++++++++++++++++++++++++++++++++++++++++++++++++++++++++++++++++*
*+                                                                             *
*+                                                                             *
*+                                                                             *
*+                                                                             *
*+                                                                             *
*+                                                                             *
*+                                  EEEEEEEEEEEEEEEEEEEEEEEEEEEEEEEEEEEEEEEEEEE*
*+                                  E                                           
                                    EEEEEEEEEEEEEEEEEEEEEEEEEEEEEEEEEEEEEEEEEEE*
 The screen should be cleared,  and hader of *'s and +'s around the edge,   and 
exactly in the                        middle  there should be a frame of E's aro
und this  text                        with  one (1) free position around it.    
Push <RETURN>                                             EEEEEEEEEEEEEEEEEEEEE*
                                                          EEEEEEEEEEEEEEEEEEEEE*
*+                                                                             *
*+                                                                             *
*+                                                                             *
*+                                                                             *
*+                                                                             *
*+                                                                             *
++++++++++++++++++++++++++++++++++++++++++++++++++++++++++++++++++++++++++++++ *
********************************************************************************
