---
source: oriterm_core/tests/vttest.rs
expression: text
---
                                                                                                                                    
                                                                                                                                    
                                                                                                                                    
                                                                                                                                    
                                                                                                                                    
                                                                                                                                    
                                                                                                                                    
                                                                                                                                    
                                                                                                                                    
                                                                                                                                    
                                                                                                                                    
                                                                                                                                    
                                                                                                                                    
                                                                                                                                    
                                                                                                                                    
Push <RETURN>                                                                                                                       
Jump scroll down region [16..17] size 2 Line 38
