---
source: oriterm_core/tests/vttest.rs
expression: text
---
B*******************************************************************************
***************************************************                             
                                                                                
Test of 'Insert Mode'. The top line should be 'A*** ... ***B'. Push <RETURN>
