---
source: oriterm_core/tests/teseq/harness/assertions.rs
expression: outcome.grid_text
---
Line 1                                                                          
Line 2                                                                          
                                                                                
Line 3                                                                          
Line 4                                                                          
Line 6
