---
source: oriterm_core/tests/teseq/harness/assertions.rs
expression: outcome.grid_text
---
All                                                                             
NoBold                                                                          
NoItalic                                                                        
NoUL                                                                            
NoBlink                                                                         
NoInv                                                                           
NoStrike
