---
source: oriterm_core/tests/teseq/harness/assertions.rs
expression: outcome.grid_text
---
                                                                                
                                                                                
                                                                                
                                                                                
                                                                                
                                                                                
         Primary with modes
